// Vitest Snapshot v1, https://vitest.dev/guide/snapshot.html

exports[`AppStatistic.vue > should render component props 1`] = `
"<div class=\\"text-center\\">
  <div data-testid=\\"title\\" class=\\"font-medium\\">Hello Word</div>
  <div class=\\"font-serif text-primary text-xl\\"><span data-testid=\\"value\\">10</span></div>
</div>"
`;
